{
  "saved": [
    {
      "HttpStatusCode": "FailedDependency",
      "ReadResult": null
    },
    {
      "HttpStatusCode": "PreconditionFailed",
      "ReadResult": null
    }
  ],
  "read": [
    {
      "Item": {
        "Id": "0ffc3bd2-b33f-4902-a4bf-b804d8aa01e9",
        "PartitionKey": "c25361d6-3d14-452d-a99d-22ef7c85d70e",
        "TypeName": "test-item",
        "CreatedDateTimeOffset": "2025-05-21T05:08:35.701062+00:00",
        "UpdatedDateTimeOffset": "2025-05-21T05:08:35.701062+00:00",
        "DeletedDateTimeOffset": null,
        "IsDeleted": null,
        "ETag": "\"2600a331-0000-0300-0000-682d5fd30000\"",
        "Message": "Message #1"
      }
    }
  ]
}
