[
  {
    "Item": {
      "Id": "e82b7378-101d-4c85-8e7e-ba7568c8ee8d",
      "PartitionKey": "3d8418af-60ca-4987-9e17-44aeb1139c2d",
      "TypeName": "test-item",
      "CreatedDateTimeOffset": "2025-05-27T00:39:09.250404+00:00",
      "UpdatedDateTimeOffset": "2025-05-27T00:39:09.250404+00:00",
      "DeletedDateTimeOffset": null,
      "IsDeleted": null,
      "ETag": "8217864c-1db2-40b6-9e38-14fed9d6c963",
      "PublicMessage": "Public Message #2",
      "PrivateMessage": "Private Message #2",
      "OptionalMessage": null
    }
  },
  {
    "Item": {
      "Id": "afb52207-4a92-476e-b662-9eb142981730",
      "PartitionKey": "a163535f-e298-4e6a-8801-20168a364596",
      "TypeName": "test-item",
      "CreatedDateTimeOffset": "2025-05-27T00:39:09.220577+00:00",
      "UpdatedDateTimeOffset": "2025-05-27T00:39:09.220577+00:00",
      "DeletedDateTimeOffset": null,
      "IsDeleted": null,
      "ETag": "ae173d0d-1746-46bc-bb5b-e14cd2c86585",
      "PublicMessage": "Public Message #1",
      "PrivateMessage": "Private Message #1",
      "OptionalMessage": null
    }
  }
]
