[
  {
    "Item": {
      "Id": "1aecff1d-d8e0-404d-ae15-6b3e57fc6493",
      "PartitionKey": "1f7a8008-6c02-41af-95dc-c5ba676b8a15",
      "TypeName": "test-item",
      "CreatedDateTimeOffset": "2025-05-27T00:39:04.983191+00:00",
      "UpdatedDateTimeOffset": "2025-05-27T00:39:04.983191+00:00",
      "DeletedDateTimeOffset": null,
      "IsDeleted": null,
      "ETag": "5f708f58-2b6b-4024-a2c5-23e887e3ddca",
      "PublicMessage": "Public Message #1",
      "PrivateMessage": "Private Message #1",
      "OptionalMessage": null
    }
  }
]
