[
  {
    "Item": {
      "Id": "73fcfdc8-abe9-41da-a8c7-6d0f4b1830dc",
      "PartitionKey": "d79ab14a-07b9-4b43-afd7-449414681dd4",
      "TypeName": "test-item",
      "CreatedDateTimeOffset": "2025-05-23T15:55:24.625976+00:00",
      "UpdatedDateTimeOffset": "2025-05-23T15:55:24.625976+00:00",
      "DeletedDateTimeOffset": null,
      "IsDeleted": null,
      "ETag": "866a1ada-01bd-45fa-99d3-f84eadc1feb1",
      "PublicMessage": "Public Message #1",
      "PrivateMessage": "Private Message #1"
    }
  }
]
