[
  {
    "Item": {
      "Id": "addb3da5-73fd-4137-9e69-9f67f5e33d6c",
      "PartitionKey": "b971dc8f-723e-482b-8081-22d63ed45604",
      "TypeName": "test-item",
      "CreatedDateTimeOffset": "2025-05-21T05:33:00.295697+00:00",
      "UpdatedDateTimeOffset": "2025-05-21T05:33:00.295697+00:00",
      "DeletedDateTimeOffset": null,
      "IsDeleted": null,
      "ETag": "f42ab9a2-fc01-4f9d-b237-08c1dbcf684a",
      "Message": "Message #1"
    }
  }
]
