{
  "Item": {
    "Id": "2a4cb3ec-6624-4fc6-abc4-6a5db019f8f9",
    "PartitionKey": "b297ff5b-2ab5-4b8d-9dfd-57d2e1d8c3d2",
    "TypeName": "encrypted-test-item",
    "CreatedDateTimeOffset": "2025-05-27T05:35:30.991918+00:00",
    "UpdatedDateTimeOffset": "2025-05-27T05:35:30.991918+00:00",
    "DeletedDateTimeOffset": null,
    "IsDeleted": null,
    "ETag": "f2e68e81-e381-449d-b925-4a59cacf9939",
    "PublicMessage": "Public Message #1",
    "PrivateMessage": "Private Message #1",
    "OptionalMessage": "Optional Message #1"
  }
}
