{
  "Item": {
    "Id": "2a4cb3ec-6624-4fc6-abc4-6a5db019f8f9",
    "PartitionKey": "b297ff5b-2ab5-4b8d-9dfd-57d2e1d8c3d2",
    "TypeName": "encrypted-test-item",
    "CreatedDateTimeOffset": "2025-05-27T05:03:34.853094+00:00",
    "UpdatedDateTimeOffset": "2025-05-27T05:03:34.853094+00:00",
    "DeletedDateTimeOffset": null,
    "IsDeleted": null,
    "ETag": "fd5c7c8d-c5a9-4302-9148-d085132e0743",
    "PublicMessage": "Public Message #1",
    "PrivateMessage": "Private Message #1",
    "OptionalMessage": null
  }
}
