[
  {
    "HttpStatusCode": "OK",
    "ReadResult": {
      "Item": {
        "Id": "6704a3e2-1757-4540-aa07-16f36a567ce6",
        "PartitionKey": "75e5d19c-e809-49ed-a7ba-a89e96217ed3",
        "TypeName": "encrypted-test-item",
        "CreatedDateTimeOffset": "2025-05-27T01:02:26.299091+00:00",
        "UpdatedDateTimeOffset": "2025-05-27T01:02:26.299091+00:00",
        "DeletedDateTimeOffset": "2025-05-27T01:02:26.435869+00:00",
        "IsDeleted": true,
        "ETag": "\"8e0179bc-0000-0300-0000-68350f220000\"",
        "PublicMessage": "Public Message #1",
        "PrivateMessage": "Private Message #1",
        "OptionalMessage": null
      }
    }
  },
  {
    "HttpStatusCode": "OK",
    "ReadResult": {
      "Item": {
        "Id": "41981704-8fc4-4da1-b12a-e913f1dfa0dc",
        "PartitionKey": "75e5d19c-e809-49ed-a7ba-a89e96217ed3",
        "TypeName": "encrypted-test-item",
        "CreatedDateTimeOffset": "2025-05-27T01:02:26.299113+00:00",
        "UpdatedDateTimeOffset": "2025-05-27T01:02:26.299113+00:00",
        "DeletedDateTimeOffset": "2025-05-27T01:02:26.502906+00:00",
        "IsDeleted": true,
        "ETag": "\"8e017cbc-0000-0300-0000-68350f220000\"",
        "PublicMessage": "Public Message #2",
        "PrivateMessage": "Private Message #2",
        "OptionalMessage": null
      }
    }
  }
]
