{
  "Item": {
    "Id": "7dded065-d204-4913-97ad-591e382baba5",
    "PartitionKey": "48953713-d269-42c1-b803-593f8c027aef",
    "TypeName": "encrypted-test-item",
    "CreatedDateTimeOffset": "2025-05-27T01:02:58.629936+00:00",
    "UpdatedDateTimeOffset": "2025-05-27T01:02:58.763997+00:00",
    "DeletedDateTimeOffset": null,
    "IsDeleted": null,
    "ETag": "\"8e0125c4-0000-0300-0000-68350f420000\"",
    "PublicMessage": "Public Message #2",
    "PrivateMessage": "Private Message #2",
    "OptionalMessage": null
  }
}
