{
  "saved": [
    {
      "HttpStatusCode": "FailedDependency",
      "ReadResult": null
    },
    {
      "HttpStatusCode": "Conflict",
      "ReadResult": null
    }
  ],
  "read": [
    {
      "Item": {
        "Id": "a0ac8a58-2d76-40d2-9f14-1dd5543e8429",
        "PartitionKey": "ae9d5360-1e01-480a-9465-4da82ee882b7",
        "TypeName": "test-item",
        "CreatedDate": "2025-01-19T22:30:51.773294Z",
        "UpdatedDate": "2025-01-19T22:30:51.773294Z",
        "DeletedDate": null,
        "IsDeleted": null,
        "ETag": "782C6E79-23FB-4637-8D59-778491F50555",
        "Message": "Message #0"
      }
    }
  ]
}
