[
  {
    "SaveAction": "CREATED",
    "RelatedId": "569d9c11-f66f-46b9-98be-ff0cff833475",
    "RelatedTypeName": "test-item",
    "Changes": [
      {
        "PropertyName": "/publicId",
        "OldValue": {
          "ValueKind": "Number"
        },
        "NewValue": {
          "ValueKind": "Number"
        }
      },
      {
        "PropertyName": "/publicMessage",
        "OldValue": null,
        "NewValue": {
          "ValueKind": "String"
        }
      }
    ],
    "TraceContext": "00-feb8951935a2e7865dbfac41608d4863-1b216fb524a113cd-01",
    "TraceId": "feb8951935a2e7865dbfac41608d4863",
    "SpanId": "1b216fb524a113cd",
    "Id": "6394cb2e-7961-4e85-b647-45c407f6144c",
    "PartitionKey": "05f393b2-72af-409e-9186-0679773e9c55",
    "TypeName": "event",
    "CreatedDateTimeOffset": "2025-06-10T23:54:13.577698+00:00",
    "UpdatedDateTimeOffset": "2025-06-10T23:54:13.577698+00:00",
    "DeletedDateTimeOffset": null,
    "IsDeleted": null,
    "ETag": "0e019865-d15c-4520-8e3f-e4c3581375d7"
  }
]
