{
  "HttpStatusCode": "UnprocessableEntity",
  "Message": "The 'TestItem' is not valid.",
  "Errors": {
    "PrivateMessage": [
      "NotNull #1",
      "NotNull #2"
    ]
  }
}
