{
  "statusCode": "NotFound",
  "message": "Role 'testRole_RBACRepository_RevokeRoleFromPrincipalNoRole' not found."
}
