{
  "principalsAfter": [
    "principal-1-deleteroleassignment-frommultipleassignments",
    "principal-3-deleteroleassignment-frommultipleassignments"
  ],
  "items": [
    {
      "_principalId": "principal-1-deleteroleassignment-frommultipleassignments",
      "_resourceName": "urn://resource-deleteroleassignment-frommultipleassignments",
      "_roleName": "role-deleteroleassignment-frommultipleassignments",
      "entityName": "#PRINCIPAL#principal-1-deleteroleassignment-frommultipleassignments",
      "subjectName": "#ROLEASSIGNMENT##RESOURCE#urn://resource-deleteroleassignment-frommultipleassignments#ROLE#role-deleteroleassignment-frommultipleassignments"
    },
    {
      "_resourceName": "urn://resource-deleteroleassignment-frommultipleassignments",
      "_roleName": "role-deleteroleassignment-frommultipleassignments",
      "entityName": "#RESOURCE#urn://resource-deleteroleassignment-frommultipleassignments",
      "subjectName": "#ROLE#role-deleteroleassignment-frommultipleassignments"
    },
    {
      "_principalId": "principal-1-deleteroleassignment-frommultipleassignments",
      "_resourceName": "urn://resource-deleteroleassignment-frommultipleassignments",
      "_roleName": "role-deleteroleassignment-frommultipleassignments",
      "entityName": "#RESOURCE#urn://resource-deleteroleassignment-frommultipleassignments",
      "subjectName": "#ROLEASSIGNMENT##ROLE#role-deleteroleassignment-frommultipleassignments#PRINCIPAL#principal-1-deleteroleassignment-frommultipleassignments"
    },
    {
      "_principalId": "principal-3-deleteroleassignment-frommultipleassignments",
      "_resourceName": "urn://resource-deleteroleassignment-frommultipleassignments",
      "_roleName": "role-deleteroleassignment-frommultipleassignments",
      "entityName": "#RESOURCE#urn://resource-deleteroleassignment-frommultipleassignments",
      "subjectName": "#ROLEASSIGNMENT##ROLE#role-deleteroleassignment-frommultipleassignments#PRINCIPAL#principal-3-deleteroleassignment-frommultipleassignments"
    },
    {
      "_principalId": "principal-3-deleteroleassignment-frommultipleassignments",
      "_resourceName": "urn://resource-deleteroleassignment-frommultipleassignments",
      "_roleName": "role-deleteroleassignment-frommultipleassignments",
      "entityName": "#PRINCIPAL#principal-3-deleteroleassignment-frommultipleassignments",
      "subjectName": "#ROLEASSIGNMENT##RESOURCE#urn://resource-deleteroleassignment-frommultipleassignments#ROLE#role-deleteroleassignment-frommultipleassignments"
    },
    {
      "_resourceName": "urn://resource-deleteroleassignment-frommultipleassignments",
      "entityName": "#ROOT#",
      "subjectName": "#RESOURCE#urn://resource-deleteroleassignment-frommultipleassignments"
    }
  ]
}
