{
  "scopeAfterFirst": {
    "ResourceName": "urn://resource-createscope-alreadyexists",
    "ScopeName": "scope-createscope-alreadyexists"
  },
  "itemsAfterFirst": [
    {
      "_resourceName": "urn://resource-createscope-alreadyexists",
      "_scopeName": "scope-createscope-alreadyexists",
      "entityName": "#RESOURCE#urn://resource-createscope-alreadyexists",
      "subjectName": "#SCOPE#scope-createscope-alreadyexists"
    },
    {
      "_resourceName": "urn://resource-createscope-alreadyexists",
      "entityName": "#ROOT#",
      "subjectName": "#RESOURCE#urn://resource-createscope-alreadyexists"
    }
  ],
  "scopeAfterSecond": {
    "ResourceName": "urn://resource-createscope-alreadyexists",
    "ScopeName": "scope-createscope-alreadyexists"
  },
  "itemsAfterSecond": [
    {
      "_resourceName": "urn://resource-createscope-alreadyexists",
      "_scopeName": "scope-createscope-alreadyexists",
      "entityName": "#RESOURCE#urn://resource-createscope-alreadyexists",
      "subjectName": "#SCOPE#scope-createscope-alreadyexists"
    },
    {
      "_resourceName": "urn://resource-createscope-alreadyexists",
      "entityName": "#ROOT#",
      "subjectName": "#RESOURCE#urn://resource-createscope-alreadyexists"
    }
  ]
}
