{
  "resourceAfter": {
    "ResourceName": "testResource_RBACRepository_CreateScopeGetResource",
    "ScopeNames": [
      "testScope_RBACRepository_CreateScopeGetResource"
    ],
    "RoleNames": []
  },
  "items": [
    {
      "resourceName": "testResource_RBACRepository_CreateScopeGetResource",
      "subjectName": "RESOURCE#"
    },
    {
      "resourceName": "testResource_RBACRepository_CreateScopeGetResource",
      "scopeName": "testScope_RBACRepository_CreateScopeGetResource",
      "subjectName": "SCOPE#testScope_RBACRepository_CreateScopeGetResource"
    }
  ]
}
