{
  "statusCode": "NotFound",
  "message": "Role 'role-getprincipalsforrole-norole' not found."
}
