{
  "message": "The 'resourceName' is not valid."
}
