{
  "message": "Scope 'scope-getprincipalaccesswithscope-scopenotexists' not found.",
  "statusCode": "NotFound"
}
