{
  "resourceAfter": {
    "ResourceName": "urn://resource-getresource-withscope",
    "ScopeNames": [
      "scope-getresource-withscope"
    ],
    "RoleNames": []
  },
  "items": [
    {
      "_resourceName": "urn://resource-getresource-withscope",
      "_scopeName": "scope-getresource-withscope",
      "entityName": "RESOURCE#urn://resource-getresource-withscope",
      "subjectName": "SCOPE#scope-getresource-withscope"
    },
    {
      "_resourceName": "urn://resource-getresource-withscope",
      "entityName": "ROOT#",
      "subjectName": "RESOURCE#urn://resource-getresource-withscope"
    }
  ]
}
