[
  {
    "Item": {
      "Id": "f81f3503-38fa-4be4-93a1-a9941f7f9a40",
      "PartitionKey": "44607fc1-8b3a-43ca-99ee-db55692ec824",
      "TypeName": "test-item",
      "Version": 1,
      "CreatedDateTimeOffset": "2025-08-10T21:54:37.377201+00:00",
      "UpdatedDateTimeOffset": "2025-08-10T21:54:37.377201+00:00",
      "DeletedDateTimeOffset": null,
      "IsDeleted": null,
      "ETag": "\"0200ae25-0000-0300-0000-6899151d0000\"",
      "PublicMessage": "Public Message #2",
      "PrivateMessage": "Private Message #2",
      "OptionalMessage": null
    }
  }
]
