{
  "saved": [
    {
      "HttpStatusCode": "OK",
      "ReadResult": null
    },
    {
      "HttpStatusCode": "PreconditionFailed",
      "ReadResult": null
    }
  ],
  "read": [
    {
      "Item": {
        "Id": "a0ac8a58-2d76-40d2-9f14-1dd5543e8429",
        "PartitionKey": "ae9d5360-1e01-480a-9465-4da82ee882b7",
        "TypeName": "encrypted-test-item",
        "Version": 1,
        "CreatedDateTimeOffset": "2025-08-10T21:53:37.812302+00:00",
        "UpdatedDateTimeOffset": "2025-08-10T21:53:37.812302+00:00",
        "DeletedDateTimeOffset": null,
        "IsDeleted": null,
        "ETag": "93f0fb2d-7084-4478-a22a-b6c55d59d258",
        "PublicMessage": "Public Message #1",
        "PrivateMessage": "Private Message #1",
        "OptionalMessage": null
      }
    }
  ]
}
