{
  "saved": [
    {
      "HttpStatusCode": "FailedDependency",
      "ReadResult": null
    },
    {
      "HttpStatusCode": "PreconditionFailed",
      "ReadResult": null
    }
  ],
  "read": [
    {
      "Item": {
        "PublicMessage": "Public Message #1",
        "PrivateMessage": "Private Message #1",
        "OptionalMessage": null,
        "Id": "0ffc3bd2-b33f-4902-a4bf-b804d8aa01e9",
        "PartitionKey": "c25361d6-3d14-452d-a99d-22ef7c85d70e",
        "TypeName": "encrypted-test-item",
        "Version": 1,
        "CreatedDateTimeOffset": "2025-08-16T21:31:25.640565+00:00",
        "UpdatedDateTimeOffset": "2025-08-16T21:31:25.640565+00:00",
        "DeletedDateTimeOffset": null,
        "IsDeleted": null,
        "ETag": "AB65BAC4-5707-45C3-B54A-7768FF88A5C7"
      }
    }
  ]
}
