{
  "saved": [
    {
      "HttpStatusCode": "FailedDependency",
      "ReadResult": null
    },
    {
      "HttpStatusCode": "Conflict",
      "ReadResult": null
    }
  ],
  "read": [
    {
      "Item": {
        "PublicMessage": "Public Message #1",
        "PrivateMessage": "Private Message #1",
        "OptionalMessage": null,
        "Id": "a0ac8a58-2d76-40d2-9f14-1dd5543e8429",
        "PartitionKey": "ae9d5360-1e01-480a-9465-4da82ee882b7",
        "TypeName": "encrypted-test-item",
        "Version": 1,
        "CreatedDateTimeOffset": "2025-08-16T21:31:21.036084+00:00",
        "UpdatedDateTimeOffset": "2025-08-16T21:31:21.036084+00:00",
        "DeletedDateTimeOffset": null,
        "IsDeleted": null,
        "ETag": "5B1D5C98-D732-43B1-8B39-BD2CB776A977"
      }
    }
  ]
}
