[
  {
    "HttpStatusCode": "OK",
    "ReadResult": {
      "Item": {
        "Id": "6704a3e2-1757-4540-aa07-16f36a567ce6",
        "PartitionKey": "75e5d19c-e809-49ed-a7ba-a89e96217ed3",
        "TypeName": "encrypted-test-item",
        "Version": 2,
        "CreatedDateTimeOffset": "2025-08-10T21:53:50.9205+00:00",
        "UpdatedDateTimeOffset": "2025-08-10T21:53:50.9205+00:00",
        "DeletedDateTimeOffset": "2025-08-10T21:53:51.198213+00:00",
        "IsDeleted": true,
        "ETag": "24ffbed9-dcd6-442f-b7ed-1b98d079ede7",
        "PublicMessage": "Public Message #1",
        "PrivateMessage": "Private Message #1",
        "OptionalMessage": null
      }
    }
  },
  {
    "HttpStatusCode": "OK",
    "ReadResult": {
      "Item": {
        "Id": "41981704-8fc4-4da1-b12a-e913f1dfa0dc",
        "PartitionKey": "75e5d19c-e809-49ed-a7ba-a89e96217ed3",
        "TypeName": "encrypted-test-item",
        "Version": 2,
        "CreatedDateTimeOffset": "2025-08-10T21:53:50.920525+00:00",
        "UpdatedDateTimeOffset": "2025-08-10T21:53:50.920525+00:00",
        "DeletedDateTimeOffset": "2025-08-10T21:53:51.213497+00:00",
        "IsDeleted": true,
        "ETag": "5053c39a-fdc6-4b04-877c-10ed94eade2b",
        "PublicMessage": "Public Message #2",
        "PrivateMessage": "Private Message #2",
        "OptionalMessage": null
      }
    }
  }
]
