{
  "saved": [
    {
      "HttpStatusCode": "FailedDependency",
      "ReadResult": null
    },
    {
      "HttpStatusCode": "PreconditionFailed",
      "ReadResult": null
    }
  ],
  "read": [
    {
      "Item": {
        "PublicMessage": "Public Message #1",
        "PrivateMessage": "Private Message #1",
        "OptionalMessage": null,
        "Id": "3107d2ff-9f33-4718-b180-f7b65223fba8",
        "PartitionKey": "90eabddb-a71a-4ccb-aa1a-062590597fb2",
        "TypeName": "encrypted-test-item",
        "Version": 1,
        "CreatedDateTimeOffset": "2025-08-16T21:31:31.9794+00:00",
        "UpdatedDateTimeOffset": "2025-08-16T21:31:31.9794+00:00",
        "DeletedDateTimeOffset": null,
        "IsDeleted": null,
        "ETag": "D55A0B6E-09E4-4394-A12E-CDEA45A3796B"
      }
    },
    {
      "Item": {
        "PublicMessage": "Public Message #0",
        "PrivateMessage": "Private Message #0",
        "OptionalMessage": null,
        "Id": "5f969f1c-c115-4982-949b-4e4987197dfe",
        "PartitionKey": "90eabddb-a71a-4ccb-aa1a-062590597fb2",
        "TypeName": "encrypted-test-item",
        "Version": 2,
        "CreatedDateTimeOffset": "2025-08-16T21:31:31.979432+00:00",
        "UpdatedDateTimeOffset": "2025-08-16T21:31:32.961222+00:00",
        "DeletedDateTimeOffset": null,
        "IsDeleted": null,
        "ETag": "B9EC1B82-78CE-40A1-9453-EB0A993F1F54"
      }
    }
  ]
}
