{
  "Item": {
    "PublicMessage": "Public Message #1",
    "PrivateMessage": "Private Message #1",
    "OptionalMessage": "Optional Message #1",
    "Id": "2a4cb3ec-6624-4fc6-abc4-6a5db019f8f9",
    "PartitionKey": "b297ff5b-2ab5-4b8d-9dfd-57d2e1d8c3d2",
    "TypeName": "encrypted-test-item",
    "Version": 1,
    "CreatedDateTimeOffset": "2025-08-16T21:31:37.124843+00:00",
    "UpdatedDateTimeOffset": "2025-08-16T21:31:37.124843+00:00",
    "DeletedDateTimeOffset": null,
    "IsDeleted": null,
    "ETag": "2955AFFF-0461-4012-8E4D-8850E283184C"
  }
}
