{
  "Item": {
    "Id": "2a4cb3ec-6624-4fc6-abc4-6a5db019f8f9",
    "PartitionKey": "b297ff5b-2ab5-4b8d-9dfd-57d2e1d8c3d2",
    "TypeName": "test-item",
    "CreatedDateTimeOffset": "2025-06-14T03:38:09.698168+00:00",
    "UpdatedDateTimeOffset": "2025-06-14T03:38:09.698168+00:00",
    "DeletedDateTimeOffset": null,
    "IsDeleted": null,
    "ETag": "da8023db-11a7-4d76-9e57-d97ecbb65dd6",
    "PublicMessage": "Public Message #1",
    "PrivateMessage": "Private Message #1",
    "OptionalMessage": null
  }
}
