[
  {
    "Item": {
      "Id": "84e64614-cf2a-4a9a-8632-da9dd4bf0971",
      "PartitionKey": "30ae2ca3-90fe-4d80-8f5c-4f2e17e55d0b",
      "TypeName": "test-item",
      "Version": 1,
      "CreatedDateTimeOffset": "2025-08-10T21:58:30.640809+00:00",
      "UpdatedDateTimeOffset": "2025-08-10T21:58:30.640809+00:00",
      "DeletedDateTimeOffset": null,
      "IsDeleted": null,
      "ETag": "C9003B4B-2DED-47DA-9F68-241D4C4C786B",
      "PublicMessage": "Public Message #2",
      "PrivateMessage": "Private Message #2",
      "OptionalMessage": null
    }
  },
  {
    "Item": {
      "Id": "793d3f65-d29d-45f5-a13b-08dda57774a6",
      "PartitionKey": "db0b7039-98db-434e-9471-31a486beb7b2",
      "TypeName": "test-item",
      "Version": 1,
      "CreatedDateTimeOffset": "2025-08-10T21:58:30.129729+00:00",
      "UpdatedDateTimeOffset": "2025-08-10T21:58:30.129729+00:00",
      "DeletedDateTimeOffset": null,
      "IsDeleted": null,
      "ETag": "93D230B8-60D3-49F8-A841-46F14CDF5616",
      "PublicMessage": "Public Message #1",
      "PrivateMessage": "Private Message #1",
      "OptionalMessage": null
    }
  }
]
