[
  {
    "HttpStatusCode": "OK",
    "ReadResult": {
      "Item": {
        "Id": "267e3d9e-55be-4030-be5a-793bd5f59147",
        "PartitionKey": "355bff90-f0b6-4a50-8b49-ba9882820390",
        "TypeName": "test-item",
        "CreatedDateTimeOffset": "2025-06-14T03:33:33.599904+00:00",
        "UpdatedDateTimeOffset": "2025-06-14T03:33:33.599904+00:00",
        "DeletedDateTimeOffset": null,
        "IsDeleted": null,
        "ETag": "6CBA63D6-5DB4-4AD1-B9D3-4751F01F2C6E",
        "PublicMessage": "Public Message #1",
        "PrivateMessage": "Private Message #1",
        "OptionalMessage": null
      }
    }
  },
  {
    "HttpStatusCode": "OK",
    "ReadResult": {
      "Item": {
        "Id": "a18c881a-2268-4651-b4c2-2c5ac992f0f3",
        "PartitionKey": "355bff90-f0b6-4a50-8b49-ba9882820390",
        "TypeName": "test-item",
        "CreatedDateTimeOffset": "2025-06-14T03:33:33.599939+00:00",
        "UpdatedDateTimeOffset": "2025-06-14T03:33:33.599939+00:00",
        "DeletedDateTimeOffset": null,
        "IsDeleted": null,
        "ETag": "9B03FB4E-E61D-4366-973E-B61BC36550B0",
        "PublicMessage": "Public Message #2",
        "PrivateMessage": "Private Message #2",
        "OptionalMessage": null
      }
    }
  }
]
